> Task :composeApp:checkKotlinGradlePluginConfigurationErrors SKIPPED
> Task :composeApp:convertXmlValueResourcesForCommonMain NO-SOURCE
> Task :composeApp:copyNonXmlValueResourcesForCommonMain NO-SOURCE
> Task :composeApp:prepareComposeResourcesTaskForCommonMain NO-SOURCE
> Task :composeApp:generateResourceAccessorsForCommonMain NO-SOURCE
> Task :composeApp:convertXmlValueResourcesForWasmJsMain NO-SOURCE
> Task :composeApp:copyNonXmlValueResourcesForWasmJsMain NO-SOURCE
> Task :composeApp:prepareComposeResourcesTaskForWasmJsMain NO-SOURCE
> Task :composeApp:generateResourceAccessorsForWasmJsMain NO-SOURCE
> Task :composeApp:generateActualResourceCollectorsForWasmJsMain UP-TO-DATE
> Task :composeApp:generateComposeResClass UP-TO-DATE
> Task :composeApp:generateExpectResourceCollectorsForCommonMain UP-TO-DATE
> Task :composeApp:compileKotlinWasmJs UP-TO-DATE

Deprecated Gradle features were used in this build, making it incompatible with Gradle 9.0.

You can use '--warning-mode all' to show the individual deprecation warnings and determine if they come from your own scripts or plugins.

For more on this, please refer to https://docs.gradle.org/8.10.2/userguide/command_line_interface.html#sec:command_line_warnings in the Gradle documentation.

BUILD SUCCESSFUL in 8s
4 actionable tasks: 4 up-to-date
